// Jest Snapshot v1, https://goo.gl/fbAQLP

exports[`LoginPage component renders the UI as expected 1`] = `
<section
  className="Section LoginPage"
>
  <h2>
    Login
  </h2>
  <form
    className="LoginForm"
    onSubmit={[Function]}
  >
    <p>
      Demo account: demo@test.com/Pass123!
    </p>
    <div
      className="email"
    >
      <label
        htmlFor="LoginForm__email"
      >
        Email
      </label>
      <input
        className="Input "
        id="LoginForm__email"
        name="email"
        placeholder="demo@test.com"
        required={true}
        type="email"
      />
    </div>
    <div
      className="password"
    >
      <label
        htmlFor="LoginForm__password"
      >
        Password
      </label>
      <input
        className="Input "
        id="LoginForm__password"
        name="password"
        placeholder="Pass123!"
        required={true}
        type="password"
      />
    </div>
    <button
      className="Button "
      type="submit"
    >
      Login
    </button>
  </form>
</section>
`;
