// Jest Snapshot v1, https://goo.gl/fbAQLP

exports[`RegistrationForm component renders the UI as expected 1`] = `
<form
  className="RegistrationForm"
  onSubmit={[Function]}
>
  <div
    className="email"
  >
    <label
      htmlFor="RegistrationForm__email"
    >
      Email 
      <span
        className="Required "
      >
        *
      </span>
    </label>
    <input
      className="Input "
      id="RegistrationForm__email"
      name="email"
      required={true}
      type="email"
    />
  </div>
  <div
    className="phone"
  >
    <label
      htmlFor="RegistrationForm__phone"
    >
      Phone Number 
      <span
        className="Required "
      >
        *
      </span>
    </label>
    <input
      className="Input "
      id="RegistrationForm__phone"
      name="phone"
      required={true}
      type="tel"
    />
  </div>
  <div
    className="password"
  >
    <label
      htmlFor="RegistrationForm__password"
    >
      Password 
      <span
        className="Required "
      >
        *
      </span>
    </label>
    <input
      className="Input "
      id="RegistrationForm__password"
      name="password"
      required={true}
      type="password"
    />
  </div>
  <div
    role="alert"
  />
  <button
    className="Button "
    type="submit"
  >
    Register
  </button>
</form>
`;
